8.7036 	INFO 	Loaded monitor calibration from ['2025_08_11 23:20']
8.7150 	WARNING 	User requested fullscreen with size [1024  768], but screen is actually [1920, 1080]. Using actual size
9.1271 	INFO 	Using renderer 'Intel(R) Iris(R) Xe Graphics' for graphics
9.1272 	INFO 	OpenGL version supported by driver is 4..
9.1692 	EXP 	Created window1 = Window(allowGUI=False, allowStencil=False, autoLog=True, backendConf=UNKNOWN, backgroundFit=<method-wrapper '__getattribute__' of attributeSetter object at 0x000002157C370EB0>, backgroundImage=<method-wrapper '__getattribute__' of attributeSetter object at 0x000002157C370E50>, bitsMode=UNKNOWN, blendMode='avg', bpc=(8, 8, 8), color=array([0, 0, 0]), colorSpace='rgb', depthBits=8, fullscr=True, gamma=None, gammaErrorPolicy='raise', infoMsg=UNKNOWN, lms=UNKNOWN, monitor=<psychopy.monitors.calibTools.Monitor object at 0x00000215000E2710>, multiSample=False, name='window1', numSamples=2, pos=[np.float64(0.0), np.float64(0.0)], screen=0, size=array([1920, 1080]), stencilBits=0, stereo=False, title='PsychoPy', units='height', useFBO=True, useRetina=False, viewOri=0.0, viewPos=None, viewScale=None, waitBlanking=True, winType='pyglet')
9.1693 	EXP 	window1: backgroundImage = ''
9.1694 	EXP 	window1: backgroundFit = 'none'
9.7067 	EXP 	window1: Attempting to measure frame rate of screen (0) ...
9.7067 	EXP 	window1: recordFrameIntervals = False
9.8476 	EXP 	window1: recordFrameIntervals = True
10.0311 	EXP 	Screen (0) actual frame rate measured at 59.99Hz
10.0312 	EXP 	window1: recordFrameIntervals = False
10.0940 	INFO 	keyboard.Keyboard is using ptb backend.
10.0942 	INFO 	keyboard.Keyboard is using ptb backend.
10.0942 	INFO 	keyboard.Keyboard is using ptb backend.
10.0943 	EXP 	stroop task final: status = STARTED
10.1975 	EXP 	Created text_2 = TextStim(__class__=<class 'psychopy.visual.text.TextStim'>, alignHoriz=method-wrapper(...), alignText='center', alignVert=method-wrapper(...), anchorHoriz='center', anchorVert='center', antialias=True, autoDraw=False, autoLog=True, bold=False, color=array([1., 1., 1.]), colorSpace='rgb', contrast=1.0, depth=0.0, draggable=False, flipHoriz=False, flipVert=False, font='Arial', fontFiles=[], height=np.float64(0.05), italic=False, languageStyle='LTR', name='text_2', opacity=1, ori=0.0, pos=array([0., 0.]), rgb=UNKNOWN, text=str(...), units='height', win=Window(...), wrapWidth=1)
10.2039 	EXP 	Created fixation = ShapeStim(__class__=<class 'psychopy.visual.shape.ShapeStim'>, anchor=('center', 'center'), autoDraw=False, autoLog=True, closeShape=True, color=method-wrapper(...), colorSpace='rgb', contrast=None, depth=0.0, draggable=False, fillColor=array([1, 1, 1]), fillColorSpace='rgb', fillRGB=array([1, 1, 1]), interpolate=True, lineColor=array([1., 1., 1.]), lineColorSpace='rgb', lineRGB=array([1, 1, 1]), lineWidth=1.0, name='fixation', opacity=1, ori=0.0, pos=array([0., 0.]), size=array([20., 20.]), units='pix', vertices=ndarray(...), win=Window(...), windingRule=None)
10.2053 	EXP 	Created text = TextStim(__class__=<class 'psychopy.visual.text.TextStim'>, alignHoriz=method-wrapper(...), alignText='center', alignVert=method-wrapper(...), anchorHoriz='center', anchorVert='center', antialias=True, autoDraw=False, autoLog=True, bold=False, color=array([1., 1., 1.]), colorSpace='rgb', contrast=1.0, depth=-1.0, draggable=False, flipHoriz=False, flipVert=False, font='Arial', fontFiles=[], height=0.05, italic=False, languageStyle='LTR', name='text', opacity=1, ori=0.0, pos=array([0., 0.]), rgb=UNKNOWN, text='', units='height', win=Window(...), wrapWidth=1)
10.2143 	EXP 	Created text_3 = TextStim(__class__=<class 'psychopy.visual.text.TextStim'>, alignHoriz=method-wrapper(...), alignText='center', alignVert=method-wrapper(...), anchorHoriz='center', anchorVert='center', antialias=True, autoDraw=False, autoLog=True, bold=False, color=array([1., 1., 1.]), colorSpace='rgb', contrast=1.0, depth=0.0, draggable=False, flipHoriz=False, flipVert=False, font='Arial', fontFiles=[], height=np.float64(0.05), italic=False, languageStyle='LTR', name='text_3', opacity=1, ori=0.0, pos=array([0., 0.]), rgb=UNKNOWN, text='Thankyou', units='height', win=Window(...), wrapWidth=1)
0.0052 	INFO 	Keyboard events cleared
0.0051 	EXP 	text_2: autoDraw = True
0.7897 	EXP 	Device response: <KeyPress from None: t=0.7728315000422299, value=space, duration=None>
0.7985 	EXP 	Imported cond.xlsx as conditions, 4 conditions, 4 params
0.7999 	EXP 	New trial (rep=0, index=0): <Trial 0 (0 in rep 0) data={'word': 'BLUE', 'colour': 'blue', 'stim_condition': 'c', 'correct_res': 'b', 'thisN': 0, 'thisTrialN': 0, 'thisRepN': 0}>
0.8117 	DATA 	Keypress: space
0.8136 	EXP 	text_2: autoDraw = False
0.8136 	EXP 	text: foreColor = <psychopy.colors.Color: blue, alpha=1.0>
0.8136 	EXP 	text: height = np.float64(0.05)
0.8136 	EXP 	text: height = np.float64(0.05)
0.8136 	EXP 	text: height = np.float64(0.05)
0.8136 	EXP 	text: text = 'BLUE'
0.8136 	EXP 	fixation: autoDraw = True
0.9169 	EXP 	Device response: <KeyPress from None: t=0.7728315000422299, value=space, duration=0.1418899999698624>
1.3002 	INFO 	Keyboard events cleared
1.2997 	EXP 	fixation: autoDraw = False
1.2997 	EXP 	text: autoDraw = True
2.4018 	DATA 	Keypress: b
2.4170 	EXP 	Device response: <KeyPress from None: t=2.4010121000465006, value=b, duration=None>
2.4173 	EXP 	New trial (rep=0, index=1): <Trial 1 (1 in rep 0) data={'word': 'RED', 'colour': 'blue', 'stim_condition': 'I', 'correct_res': 'b', 'thisN': 1, 'thisTrialN': 1, 'thisRepN': 0}>
2.4330 	EXP 	fixation: autoDraw = False
2.4330 	EXP 	text: autoDraw = False
2.4330 	EXP 	text: foreColor = <psychopy.colors.Color: blue, alpha=1.0>
2.4330 	EXP 	text: height = np.float64(0.05)
2.4330 	EXP 	text: height = np.float64(0.05)
2.4330 	EXP 	text: height = np.float64(0.05)
2.4330 	EXP 	text: text = 'RED'
2.4330 	EXP 	fixation: autoDraw = True
2.6171 	EXP 	Device response: <KeyPress from None: t=2.4010121000465006, value=b, duration=0.20141560002230108>
2.9165 	INFO 	Keyboard events cleared
2.9163 	EXP 	fixation: autoDraw = False
2.9163 	EXP 	text: autoDraw = True
3.6667 	EXP 	Device response: <KeyPress from None: t=3.663938600104302, value=b, duration=None>
3.6669 	EXP 	New trial (rep=0, index=2): <Trial 2 (2 in rep 0) data={'word': 'BLUE', 'colour': 'red', 'stim_condition': 'I', 'correct_res': 'r', 'thisN': 2, 'thisTrialN': 2, 'thisRepN': 0}>
3.6715 	DATA 	Keypress: b
3.6831 	EXP 	fixation: autoDraw = False
3.6831 	EXP 	text: autoDraw = False
3.6831 	EXP 	text: foreColor = <psychopy.colors.Color: red, alpha=1.0>
3.6831 	EXP 	text: height = np.float64(0.05)
3.6831 	EXP 	text: height = np.float64(0.05)
3.6831 	EXP 	text: height = np.float64(0.05)
3.6831 	EXP 	text: text = 'BLUE'
3.6831 	EXP 	fixation: autoDraw = True
3.8337 	EXP 	Device response: <KeyPress from None: t=3.663938600104302, value=b, duration=0.15289559995289892>
4.1667 	INFO 	Keyboard events cleared
4.1665 	EXP 	fixation: autoDraw = False
4.1665 	EXP 	text: autoDraw = True
4.7499 	EXP 	Device response: <KeyPress from None: t=4.746333800023422, value=r, duration=None>
4.7503 	EXP 	New trial (rep=0, index=3): <Trial 3 (3 in rep 0) data={'word': 'RED', 'colour': 'red', 'stim_condition': 'c', 'correct_res': 'r', 'thisN': 3, 'thisTrialN': 3, 'thisRepN': 0}>
4.7551 	DATA 	Keypress: r
4.7664 	EXP 	fixation: autoDraw = False
4.7664 	EXP 	text: autoDraw = False
4.7664 	EXP 	text: foreColor = <psychopy.colors.Color: red, alpha=1.0>
4.7664 	EXP 	text: height = np.float64(0.05)
4.7664 	EXP 	text: height = np.float64(0.05)
4.7664 	EXP 	text: height = np.float64(0.05)
4.7664 	EXP 	text: text = 'RED'
4.7664 	EXP 	fixation: autoDraw = True
4.9509 	EXP 	Device response: <KeyPress from None: t=4.746333800023422, value=r, duration=0.20166900008916855>
5.2501 	INFO 	Keyboard events cleared
5.2499 	EXP 	fixation: autoDraw = False
5.2499 	EXP 	text: autoDraw = True
5.7167 	EXP 	Device response: <KeyPress from None: t=5.706781900022179, value=r, duration=None>
5.7169 	EXP 	New trial (rep=1, index=0): <Trial 4 (0 in rep 1) data={'word': 'RED', 'colour': 'blue', 'stim_condition': 'I', 'correct_res': 'b', 'thisN': 4, 'thisTrialN': 0, 'thisRepN': 1}>
5.7184 	DATA 	Keypress: r
5.7329 	EXP 	fixation: autoDraw = False
5.7329 	EXP 	text: autoDraw = False
5.7329 	EXP 	text: foreColor = <psychopy.colors.Color: blue, alpha=1.0>
5.7329 	EXP 	text: text = 'RED'
5.7329 	EXP 	fixation: autoDraw = True
5.9001 	EXP 	Device response: <KeyPress from None: t=5.706781900022179, value=r, duration=0.1859368000878021>
6.2166 	INFO 	Keyboard events cleared
6.2165 	EXP 	fixation: autoDraw = False
6.2165 	EXP 	text: autoDraw = True
7.2000 	EXP 	Device response: <KeyPress from None: t=7.198684700066224, value=b, duration=None>
7.2004 	EXP 	New trial (rep=1, index=1): <Trial 5 (1 in rep 1) data={'word': 'BLUE', 'colour': 'blue', 'stim_condition': 'c', 'correct_res': 'b', 'thisN': 5, 'thisTrialN': 1, 'thisRepN': 1}>
7.2051 	DATA 	Keypress: b
7.2164 	EXP 	fixation: autoDraw = False
7.2164 	EXP 	text: autoDraw = False
7.2164 	EXP 	text: foreColor = <psychopy.colors.Color: blue, alpha=1.0>
7.2164 	EXP 	text: height = np.float64(0.05)
7.2164 	EXP 	text: height = np.float64(0.05)
7.2164 	EXP 	text: height = np.float64(0.05)
7.2164 	EXP 	text: text = 'BLUE'
7.2164 	EXP 	fixation: autoDraw = True
7.3667 	EXP 	Device response: <KeyPress from None: t=7.198684700066224, value=b, duration=0.16447560000233352>
7.6999 	INFO 	Keyboard events cleared
7.6998 	EXP 	fixation: autoDraw = False
7.6998 	EXP 	text: autoDraw = True
8.1665 	EXP 	Device response: <KeyPress from None: t=8.15323390008416, value=b, duration=None>
8.1668 	EXP 	New trial (rep=1, index=2): <Trial 6 (2 in rep 1) data={'word': 'BLUE', 'colour': 'red', 'stim_condition': 'I', 'correct_res': 'r', 'thisN': 6, 'thisTrialN': 2, 'thisRepN': 1}>
8.1682 	DATA 	Keypress: b
8.1829 	EXP 	fixation: autoDraw = False
8.1829 	EXP 	text: autoDraw = False
8.1829 	EXP 	text: foreColor = <psychopy.colors.Color: red, alpha=1.0>
8.1829 	EXP 	text: text = 'BLUE'
8.1829 	EXP 	fixation: autoDraw = True
8.3333 	EXP 	Device response: <KeyPress from None: t=8.15323390008416, value=b, duration=0.16869520000182092>
8.6665 	INFO 	Keyboard events cleared
8.6663 	EXP 	fixation: autoDraw = False
8.6663 	EXP 	text: autoDraw = True
9.2666 	EXP 	Device response: <KeyPress from None: t=9.26290010008961, value=b, duration=None>
9.2669 	EXP 	New trial (rep=1, index=3): <Trial 7 (3 in rep 1) data={'word': 'RED', 'colour': 'red', 'stim_condition': 'c', 'correct_res': 'r', 'thisN': 7, 'thisTrialN': 3, 'thisRepN': 1}>
9.2713 	DATA 	Keypress: b
9.2831 	EXP 	fixation: autoDraw = False
9.2831 	EXP 	text: autoDraw = False
9.2831 	EXP 	text: foreColor = <psychopy.colors.Color: red, alpha=1.0>
9.2831 	EXP 	text: height = np.float64(0.05)
9.2831 	EXP 	text: height = np.float64(0.05)
9.2831 	EXP 	text: height = np.float64(0.05)
9.2831 	EXP 	text: text = 'RED'
9.2831 	EXP 	fixation: autoDraw = True
9.4501 	EXP 	Device response: <KeyPress from None: t=9.26290010008961, value=b, duration=0.18025989993475378>
9.7664 	INFO 	Keyboard events cleared
9.7663 	EXP 	fixation: autoDraw = False
9.7663 	EXP 	text: autoDraw = True
10.2835 	EXP 	Device response: <KeyPress from None: t=10.282498800079338, value=r, duration=None>
10.2837 	EXP 	New trial (rep=2, index=0): <Trial 8 (0 in rep 2) data={'word': 'RED', 'colour': 'blue', 'stim_condition': 'I', 'correct_res': 'b', 'thisN': 8, 'thisTrialN': 0, 'thisRepN': 2}>
10.2853 	DATA 	Keypress: r
10.2999 	EXP 	fixation: autoDraw = False
10.2999 	EXP 	text: autoDraw = False
10.2999 	EXP 	text: foreColor = <psychopy.colors.Color: blue, alpha=1.0>
10.2999 	EXP 	text: text = 'RED'
10.2999 	EXP 	fixation: autoDraw = True
10.4834 	EXP 	Device response: <KeyPress from None: t=10.282498800079338, value=r, duration=0.1954002999700606>
10.7831 	INFO 	Keyboard events cleared
10.7830 	EXP 	fixation: autoDraw = False
10.7830 	EXP 	text: autoDraw = True
11.3004 	EXP 	Device response: <KeyPress from None: t=11.290797800058499, value=b, duration=None>
11.3006 	EXP 	New trial (rep=2, index=1): <Trial 9 (1 in rep 2) data={'word': 'BLUE', 'colour': 'red', 'stim_condition': 'I', 'correct_res': 'r', 'thisN': 9, 'thisTrialN': 1, 'thisRepN': 2}>
11.3053 	DATA 	Keypress: b
11.3164 	EXP 	fixation: autoDraw = False
11.3164 	EXP 	text: autoDraw = False
11.3164 	EXP 	text: foreColor = <psychopy.colors.Color: red, alpha=1.0>
11.3164 	EXP 	text: height = np.float64(0.05)
11.3164 	EXP 	text: height = np.float64(0.05)
11.3164 	EXP 	text: height = np.float64(0.05)
11.3164 	EXP 	text: text = 'BLUE'
11.3164 	EXP 	fixation: autoDraw = True
11.4502 	EXP 	Device response: <KeyPress from None: t=11.290797800058499, value=b, duration=0.14739990001544356>
11.7997 	INFO 	Keyboard events cleared
11.7996 	EXP 	fixation: autoDraw = False
11.7996 	EXP 	text: autoDraw = True
12.4832 	EXP 	Device response: <KeyPress from None: t=12.46865290007554, value=r, duration=None>
12.4836 	EXP 	New trial (rep=2, index=2): <Trial 10 (2 in rep 2) data={'word': 'BLUE', 'colour': 'blue', 'stim_condition': 'c', 'correct_res': 'b', 'thisN': 10, 'thisTrialN': 2, 'thisRepN': 2}>
12.4852 	DATA 	Keypress: r
12.4997 	EXP 	fixation: autoDraw = False
12.4997 	EXP 	text: autoDraw = False
12.4997 	EXP 	text: foreColor = <psychopy.colors.Color: blue, alpha=1.0>
12.4997 	EXP 	text: text = 'BLUE'
12.4997 	EXP 	fixation: autoDraw = True
12.7168 	EXP 	Device response: <KeyPress from None: t=12.46865290007554, value=r, duration=0.2339767999947071>
12.9834 	INFO 	Keyboard events cleared
12.9831 	EXP 	fixation: autoDraw = False
12.9831 	EXP 	text: autoDraw = True
13.5833 	EXP 	Device response: <KeyPress from None: t=13.568758700042963, value=b, duration=None>
13.5836 	EXP 	New trial (rep=2, index=3): <Trial 11 (3 in rep 2) data={'word': 'RED', 'colour': 'red', 'stim_condition': 'c', 'correct_res': 'r', 'thisN': 11, 'thisTrialN': 3, 'thisRepN': 2}>
13.5879 	DATA 	Keypress: b
13.5997 	EXP 	fixation: autoDraw = False
13.5997 	EXP 	text: autoDraw = False
13.5997 	EXP 	text: foreColor = <psychopy.colors.Color: red, alpha=1.0>
13.5997 	EXP 	text: height = np.float64(0.05)
13.5997 	EXP 	text: height = np.float64(0.05)
13.5997 	EXP 	text: height = np.float64(0.05)
13.5997 	EXP 	text: text = 'RED'
13.5997 	EXP 	fixation: autoDraw = True
13.7002 	EXP 	Device response: <KeyPress from None: t=13.568758700042963, value=b, duration=0.11974240001291037>
14.0831 	INFO 	Keyboard events cleared
14.0829 	EXP 	fixation: autoDraw = False
14.0829 	EXP 	text: autoDraw = True
14.6003 	EXP 	Device response: <KeyPress from None: t=14.587169900070876, value=r, duration=None>
14.6006 	EXP 	New trial (rep=3, index=0): <Trial 12 (0 in rep 3) data={'word': 'BLUE', 'colour': 'red', 'stim_condition': 'I', 'correct_res': 'r', 'thisN': 12, 'thisTrialN': 0, 'thisRepN': 3}>
14.6060 	DATA 	Keypress: r
14.6164 	EXP 	fixation: autoDraw = False
14.6164 	EXP 	text: autoDraw = False
14.6164 	EXP 	text: foreColor = <psychopy.colors.Color: red, alpha=1.0>
14.6164 	EXP 	text: height = np.float64(0.05)
14.6164 	EXP 	text: height = np.float64(0.05)
14.6164 	EXP 	text: height = np.float64(0.05)
14.6164 	EXP 	text: text = 'BLUE'
14.6164 	EXP 	fixation: autoDraw = True
14.8168 	EXP 	Device response: <KeyPress from None: t=14.587169900070876, value=r, duration=0.21276849997229874>
15.1000 	INFO 	Keyboard events cleared
15.0998 	EXP 	fixation: autoDraw = False
15.0998 	EXP 	text: autoDraw = True
15.9505 	EXP 	Device response: <KeyPress from None: t=15.936484800069593, value=r, duration=None>
15.9510 	EXP 	New trial (rep=3, index=1): <Trial 13 (1 in rep 3) data={'word': 'RED', 'colour': 'blue', 'stim_condition': 'I', 'correct_res': 'b', 'thisN': 13, 'thisTrialN': 1, 'thisRepN': 3}>
15.9585 	DATA 	Keypress: r
15.9666 	EXP 	fixation: autoDraw = False
15.9666 	EXP 	text: autoDraw = False
15.9666 	EXP 	text: foreColor = <psychopy.colors.Color: blue, alpha=1.0>
15.9666 	EXP 	text: height = np.float64(0.05)
15.9666 	EXP 	text: height = np.float64(0.05)
15.9666 	EXP 	text: height = np.float64(0.05)
15.9666 	EXP 	text: text = 'RED'
15.9666 	EXP 	fixation: autoDraw = True
16.1167 	EXP 	Device response: <KeyPress from None: t=15.936484800069593, value=r, duration=0.17501060001086444>
16.4665 	INFO 	Keyboard events cleared
16.4664 	EXP 	fixation: autoDraw = False
16.4664 	EXP 	text: autoDraw = True
16.9181 	EXP 	Device response: <KeyPress from None: t=16.909372200025246, value=b, duration=None>
16.9186 	EXP 	New trial (rep=3, index=2): <Trial 14 (2 in rep 3) data={'word': 'RED', 'colour': 'red', 'stim_condition': 'c', 'correct_res': 'r', 'thisN': 14, 'thisTrialN': 2, 'thisRepN': 3}>
16.9214 	DATA 	Keypress: b
16.9330 	EXP 	fixation: autoDraw = False
16.9330 	EXP 	text: autoDraw = False
16.9330 	EXP 	text: foreColor = <psychopy.colors.Color: red, alpha=1.0>
16.9330 	EXP 	text: text = 'RED'
16.9330 	EXP 	fixation: autoDraw = True
17.0669 	EXP 	Device response: <KeyPress from None: t=16.909372200025246, value=b, duration=0.14309650007635355>
17.4331 	INFO 	Keyboard events cleared
17.4330 	EXP 	fixation: autoDraw = False
17.4330 	EXP 	text: autoDraw = True
18.0006 	EXP 	Device response: <KeyPress from None: t=17.992080600000918, value=r, duration=None>
18.0011 	EXP 	New trial (rep=3, index=3): <Trial 15 (3 in rep 3) data={'word': 'BLUE', 'colour': 'blue', 'stim_condition': 'c', 'correct_res': 'b', 'thisN': 15, 'thisTrialN': 3, 'thisRepN': 3}>
18.0072 	DATA 	Keypress: r
18.0165 	EXP 	fixation: autoDraw = False
18.0165 	EXP 	text: autoDraw = False
18.0165 	EXP 	text: foreColor = <psychopy.colors.Color: blue, alpha=1.0>
18.0165 	EXP 	text: height = np.float64(0.05)
18.0165 	EXP 	text: height = np.float64(0.05)
18.0165 	EXP 	text: height = np.float64(0.05)
18.0165 	EXP 	text: text = 'BLUE'
18.0165 	EXP 	fixation: autoDraw = True
18.1833 	EXP 	Device response: <KeyPress from None: t=17.992080600000918, value=r, duration=0.19087340007536113>
18.5166 	INFO 	Keyboard events cleared
18.5165 	EXP 	fixation: autoDraw = False
18.5165 	EXP 	text: autoDraw = True
19.0833 	EXP 	Device response: <KeyPress from None: t=19.068233700003475, value=b, duration=None>
19.0835 	EXP 	New trial (rep=4, index=0): <Trial 16 (0 in rep 4) data={'word': 'RED', 'colour': 'red', 'stim_condition': 'c', 'correct_res': 'r', 'thisN': 16, 'thisTrialN': 0, 'thisRepN': 4}>
19.0877 	DATA 	Keypress: b
19.1000 	EXP 	fixation: autoDraw = False
19.1000 	EXP 	text: autoDraw = False
19.1000 	EXP 	text: foreColor = <psychopy.colors.Color: red, alpha=1.0>
19.1000 	EXP 	text: height = np.float64(0.05)
19.1000 	EXP 	text: height = np.float64(0.05)
19.1000 	EXP 	text: height = np.float64(0.05)
19.1000 	EXP 	text: text = 'RED'
19.1000 	EXP 	fixation: autoDraw = True
19.2166 	EXP 	Device response: <KeyPress from None: t=19.068233700003475, value=b, duration=0.14266530005261302>
19.5831 	INFO 	Keyboard events cleared
19.5829 	EXP 	fixation: autoDraw = False
19.5829 	EXP 	text: autoDraw = True
20.1670 	EXP 	Device response: <KeyPress from None: t=20.162464100052603, value=r, duration=None>
20.1673 	EXP 	New trial (rep=4, index=1): <Trial 17 (1 in rep 4) data={'word': 'BLUE', 'colour': 'blue', 'stim_condition': 'c', 'correct_res': 'b', 'thisN': 17, 'thisTrialN': 1, 'thisRepN': 4}>
20.1746 	DATA 	Keypress: r
20.1830 	EXP 	fixation: autoDraw = False
20.1830 	EXP 	text: autoDraw = False
20.1830 	EXP 	text: foreColor = <psychopy.colors.Color: blue, alpha=1.0>
20.1830 	EXP 	text: height = np.float64(0.05)
20.1830 	EXP 	text: height = np.float64(0.05)
20.1830 	EXP 	text: height = np.float64(0.05)
20.1830 	EXP 	text: text = 'BLUE'
20.1830 	EXP 	fixation: autoDraw = True
20.3674 	EXP 	Device response: <KeyPress from None: t=20.162464100052603, value=r, duration=0.19725960004143417>
20.6664 	INFO 	Keyboard events cleared
20.6662 	EXP 	fixation: autoDraw = False
20.6662 	EXP 	text: autoDraw = True
21.4168 	EXP 	Device response: <KeyPress from None: t=21.40839970007073, value=b, duration=None>
21.4171 	EXP 	New trial (rep=4, index=2): <Trial 18 (2 in rep 4) data={'word': 'RED', 'colour': 'blue', 'stim_condition': 'I', 'correct_res': 'b', 'thisN': 18, 'thisTrialN': 2, 'thisRepN': 4}>
21.4208 	DATA 	Keypress: b
21.4330 	EXP 	fixation: autoDraw = False
21.4330 	EXP 	text: autoDraw = False
21.4330 	EXP 	text: foreColor = <psychopy.colors.Color: blue, alpha=1.0>
21.4330 	EXP 	text: height = np.float64(0.05)
21.4330 	EXP 	text: height = np.float64(0.05)
21.4330 	EXP 	text: height = np.float64(0.05)
21.4330 	EXP 	text: text = 'RED'
21.4330 	EXP 	fixation: autoDraw = True
21.5669 	EXP 	Device response: <KeyPress from None: t=21.40839970007073, value=b, duration=0.14184539997950196>
21.9165 	INFO 	Keyboard events cleared
21.9163 	EXP 	fixation: autoDraw = False
21.9163 	EXP 	text: autoDraw = True
22.5843 	DATA 	Keypress: b
22.6001 	EXP 	Device response: <KeyPress from None: t=22.583243200089782, value=b, duration=None>
22.6004 	EXP 	New trial (rep=4, index=3): <Trial 19 (3 in rep 4) data={'word': 'BLUE', 'colour': 'red', 'stim_condition': 'I', 'correct_res': 'r', 'thisN': 19, 'thisTrialN': 3, 'thisRepN': 4}>
22.6162 	EXP 	fixation: autoDraw = False
22.6162 	EXP 	text: autoDraw = False
22.6162 	EXP 	text: foreColor = <psychopy.colors.Color: red, alpha=1.0>
22.6162 	EXP 	text: height = np.float64(0.05)
22.6162 	EXP 	text: height = np.float64(0.05)
22.6162 	EXP 	text: height = np.float64(0.05)
22.6162 	EXP 	text: text = 'BLUE'
22.6162 	EXP 	fixation: autoDraw = True
22.7500 	EXP 	Device response: <KeyPress from None: t=22.583243200089782, value=b, duration=0.16578989999834448>
23.0996 	INFO 	Keyboard events cleared
23.0995 	EXP 	fixation: autoDraw = False
23.0995 	EXP 	text: autoDraw = True
23.6334 	EXP 	Device response: <KeyPress from None: t=23.62750100006815, value=r, duration=None>
23.6337 	EXP 	New trial (rep=5, index=0): <Trial 20 (0 in rep 5) data={'word': 'RED', 'colour': 'blue', 'stim_condition': 'I', 'correct_res': 'b', 'thisN': 20, 'thisTrialN': 0, 'thisRepN': 5}>
23.6391 	DATA 	Keypress: r
23.6496 	EXP 	fixation: autoDraw = False
23.6496 	EXP 	text: autoDraw = False
23.6496 	EXP 	text: foreColor = <psychopy.colors.Color: blue, alpha=1.0>
23.6496 	EXP 	text: height = np.float64(0.05)
23.6496 	EXP 	text: height = np.float64(0.05)
23.6496 	EXP 	text: height = np.float64(0.05)
23.6496 	EXP 	text: text = 'RED'
23.6496 	EXP 	fixation: autoDraw = True
23.8334 	EXP 	Device response: <KeyPress from None: t=23.62750100006815, value=r, duration=0.19610780000220984>
24.1331 	INFO 	Keyboard events cleared
24.1329 	EXP 	fixation: autoDraw = False
24.1329 	EXP 	text: autoDraw = True
24.6178 	DATA 	Keypress: b
24.6336 	EXP 	Device response: <KeyPress from None: t=24.61714920005761, value=b, duration=None>
24.6341 	EXP 	New trial (rep=5, index=1): <Trial 21 (1 in rep 5) data={'word': 'BLUE', 'colour': 'red', 'stim_condition': 'I', 'correct_res': 'r', 'thisN': 21, 'thisTrialN': 1, 'thisRepN': 5}>
24.6496 	EXP 	fixation: autoDraw = False
24.6496 	EXP 	text: autoDraw = False
24.6496 	EXP 	text: foreColor = <psychopy.colors.Color: red, alpha=1.0>
24.6496 	EXP 	text: height = np.float64(0.05)
24.6496 	EXP 	text: height = np.float64(0.05)
24.6496 	EXP 	text: height = np.float64(0.05)
24.6496 	EXP 	text: text = 'BLUE'
24.6496 	EXP 	fixation: autoDraw = True
24.8165 	EXP 	Device response: <KeyPress from None: t=24.61714920005761, value=b, duration=0.18646130000706762>
25.1330 	INFO 	Keyboard events cleared
25.1329 	EXP 	fixation: autoDraw = False
25.1329 	EXP 	text: autoDraw = True
25.5012 	DATA 	Keypress: r
25.5167 	EXP 	Device response: <KeyPress from None: t=25.50051090004854, value=r, duration=None>
25.5170 	EXP 	New trial (rep=5, index=2): <Trial 22 (2 in rep 5) data={'word': 'RED', 'colour': 'red', 'stim_condition': 'c', 'correct_res': 'r', 'thisN': 22, 'thisTrialN': 2, 'thisRepN': 5}>
25.5338 	EXP 	fixation: autoDraw = False
25.5338 	EXP 	text: autoDraw = False
25.5338 	EXP 	text: foreColor = <psychopy.colors.Color: red, alpha=1.0>
25.5338 	EXP 	text: height = np.float64(0.05)
25.5338 	EXP 	text: height = np.float64(0.05)
25.5338 	EXP 	text: height = np.float64(0.05)
25.5338 	EXP 	text: text = 'RED'
25.5338 	EXP 	fixation: autoDraw = True
25.6833 	EXP 	Device response: <KeyPress from None: t=25.50051090004854, value=r, duration=0.16950089996680617>
26.0164 	INFO 	Keyboard events cleared
26.0163 	EXP 	fixation: autoDraw = False
26.0163 	EXP 	text: autoDraw = True
26.4833 	EXP 	Device response: <KeyPress from None: t=26.47079000005033, value=r, duration=None>
26.4835 	EXP 	New trial (rep=5, index=3): <Trial 23 (3 in rep 5) data={'word': 'BLUE', 'colour': 'blue', 'stim_condition': 'c', 'correct_res': 'b', 'thisN': 23, 'thisTrialN': 3, 'thisRepN': 5}>
26.4876 	DATA 	Keypress: r
26.4998 	EXP 	fixation: autoDraw = False
26.4998 	EXP 	text: autoDraw = False
26.4998 	EXP 	text: foreColor = <psychopy.colors.Color: blue, alpha=1.0>
26.4998 	EXP 	text: height = np.float64(0.05)
26.4998 	EXP 	text: height = np.float64(0.05)
26.4998 	EXP 	text: height = np.float64(0.05)
26.4998 	EXP 	text: text = 'BLUE'
26.4998 	EXP 	fixation: autoDraw = True
26.6333 	EXP 	Device response: <KeyPress from None: t=26.47079000005033, value=r, duration=0.14739419997204095>
26.9831 	INFO 	Keyboard events cleared
26.9829 	EXP 	fixation: autoDraw = False
26.9829 	EXP 	text: autoDraw = True
27.4001 	EXP 	Device response: <KeyPress from None: t=27.38477630005218, value=b, duration=None>
27.4003 	EXP 	New trial (rep=6, index=0): <Trial 24 (0 in rep 6) data={'word': 'RED', 'colour': 'red', 'stim_condition': 'c', 'correct_res': 'r', 'thisN': 24, 'thisTrialN': 0, 'thisRepN': 6}>
27.4032 	DATA 	Keypress: b
27.4162 	EXP 	fixation: autoDraw = False
27.4162 	EXP 	text: autoDraw = False
27.4162 	EXP 	text: foreColor = <psychopy.colors.Color: red, alpha=1.0>
27.4162 	EXP 	text: height = np.float64(0.05)
27.4162 	EXP 	text: height = np.float64(0.05)
27.4162 	EXP 	text: height = np.float64(0.05)
27.4162 	EXP 	text: text = 'RED'
27.4162 	EXP 	fixation: autoDraw = True
27.5499 	EXP 	Device response: <KeyPress from None: t=27.38477630005218, value=b, duration=0.16272789996583015>
27.8996 	INFO 	Keyboard events cleared
27.8995 	EXP 	fixation: autoDraw = False
27.8995 	EXP 	text: autoDraw = True
28.5500 	EXP 	Device response: <KeyPress from None: t=28.53520710009616, value=r, duration=None>
28.5502 	EXP 	New trial (rep=6, index=1): <Trial 25 (1 in rep 6) data={'word': 'BLUE', 'colour': 'red', 'stim_condition': 'I', 'correct_res': 'r', 'thisN': 25, 'thisTrialN': 1, 'thisRepN': 6}>
28.5540 	DATA 	Keypress: r
28.5664 	EXP 	fixation: autoDraw = False
28.5664 	EXP 	text: autoDraw = False
28.5664 	EXP 	text: foreColor = <psychopy.colors.Color: red, alpha=1.0>
28.5664 	EXP 	text: height = np.float64(0.05)
28.5664 	EXP 	text: height = np.float64(0.05)
28.5664 	EXP 	text: height = np.float64(0.05)
28.5664 	EXP 	text: text = 'BLUE'
28.5664 	EXP 	fixation: autoDraw = True
28.7331 	EXP 	Device response: <KeyPress from None: t=28.53520710009616, value=r, duration=0.18564779998268932>
29.0497 	INFO 	Keyboard events cleared
29.0496 	EXP 	fixation: autoDraw = False
29.0496 	EXP 	text: autoDraw = True
29.5168 	EXP 	Device response: <KeyPress from None: t=29.50760590005666, value=r, duration=None>
29.5170 	EXP 	New trial (rep=6, index=2): <Trial 26 (2 in rep 6) data={'word': 'RED', 'colour': 'blue', 'stim_condition': 'I', 'correct_res': 'b', 'thisN': 26, 'thisTrialN': 2, 'thisRepN': 6}>
29.5206 	DATA 	Keypress: r
29.5329 	EXP 	fixation: autoDraw = False
29.5329 	EXP 	text: autoDraw = False
29.5329 	EXP 	text: foreColor = <psychopy.colors.Color: blue, alpha=1.0>
29.5329 	EXP 	text: height = np.float64(0.05)
29.5329 	EXP 	text: height = np.float64(0.05)
29.5329 	EXP 	text: height = np.float64(0.05)
29.5329 	EXP 	text: text = 'RED'
29.5329 	EXP 	fixation: autoDraw = True
29.7002 	EXP 	Device response: <KeyPress from None: t=29.50760590005666, value=r, duration=0.18049539998173714>
30.0164 	INFO 	Keyboard events cleared
30.0163 	EXP 	fixation: autoDraw = False
30.0163 	EXP 	text: autoDraw = True
30.5167 	EXP 	Device response: <KeyPress from None: t=30.509345400030725, value=b, duration=None>
30.5170 	EXP 	New trial (rep=6, index=3): <Trial 27 (3 in rep 6) data={'word': 'BLUE', 'colour': 'blue', 'stim_condition': 'c', 'correct_res': 'b', 'thisN': 27, 'thisTrialN': 3, 'thisRepN': 6}>
30.5205 	DATA 	Keypress: b
30.5330 	EXP 	fixation: autoDraw = False
30.5330 	EXP 	text: autoDraw = False
30.5330 	EXP 	text: foreColor = <psychopy.colors.Color: blue, alpha=1.0>
30.5330 	EXP 	text: height = np.float64(0.05)
30.5330 	EXP 	text: height = np.float64(0.05)
30.5330 	EXP 	text: height = np.float64(0.05)
30.5330 	EXP 	text: text = 'BLUE'
30.5330 	EXP 	fixation: autoDraw = True
30.6833 	EXP 	Device response: <KeyPress from None: t=30.509345400030725, value=b, duration=0.16297930001746863>
31.0164 	INFO 	Keyboard events cleared
31.0163 	EXP 	fixation: autoDraw = False
31.0163 	EXP 	text: autoDraw = True
31.4170 	EXP 	Device response: <KeyPress from None: t=31.410551500041038, value=b, duration=None>
31.4174 	EXP 	New trial (rep=7, index=0): <Trial 28 (0 in rep 7) data={'word': 'BLUE', 'colour': 'blue', 'stim_condition': 'c', 'correct_res': 'b', 'thisN': 28, 'thisTrialN': 0, 'thisRepN': 7}>
31.4197 	DATA 	Keypress: b
31.4330 	EXP 	fixation: autoDraw = False
31.4330 	EXP 	text: autoDraw = False
31.4330 	EXP 	text: foreColor = <psychopy.colors.Color: blue, alpha=1.0>
31.4330 	EXP 	text: text = 'BLUE'
31.4330 	EXP 	fixation: autoDraw = True
31.6003 	EXP 	Device response: <KeyPress from None: t=31.410551500041038, value=b, duration=0.17570000002160668>
31.9956 	INFO 	Keyboard events cleared
31.9955 	EXP 	fixation: autoDraw = False
31.9955 	EXP 	text: autoDraw = True
32.3168 	EXP 	Device response: <KeyPress from None: t=32.301779100089334, value=b, duration=None>
32.3172 	EXP 	New trial (rep=7, index=1): <Trial 29 (1 in rep 7) data={'word': 'RED', 'colour': 'red', 'stim_condition': 'c', 'correct_res': 'r', 'thisN': 29, 'thisTrialN': 1, 'thisRepN': 7}>
32.3225 	DATA 	Keypress: b
32.3330 	EXP 	fixation: autoDraw = False
32.3330 	EXP 	text: autoDraw = False
32.3330 	EXP 	text: foreColor = <psychopy.colors.Color: red, alpha=1.0>
32.3330 	EXP 	text: height = np.float64(0.05)
32.3330 	EXP 	text: height = np.float64(0.05)
32.3330 	EXP 	text: height = np.float64(0.05)
32.3330 	EXP 	text: text = 'RED'
32.3330 	EXP 	fixation: autoDraw = True
32.4667 	EXP 	Device response: <KeyPress from None: t=32.301779100089334, value=b, duration=0.15258849994279444>
32.8164 	INFO 	Keyboard events cleared
32.8162 	EXP 	fixation: autoDraw = False
32.8162 	EXP 	text: autoDraw = True
33.2834 	EXP 	Device response: <KeyPress from None: t=33.28192310000304, value=r, duration=None>
33.2837 	EXP 	New trial (rep=7, index=2): <Trial 30 (2 in rep 7) data={'word': 'BLUE', 'colour': 'red', 'stim_condition': 'I', 'correct_res': 'r', 'thisN': 30, 'thisTrialN': 2, 'thisRepN': 7}>
33.2866 	DATA 	Keypress: r
33.2999 	EXP 	fixation: autoDraw = False
33.2999 	EXP 	text: autoDraw = False
33.2999 	EXP 	text: foreColor = <psychopy.colors.Color: red, alpha=1.0>
33.2999 	EXP 	text: height = np.float64(0.05)
33.2999 	EXP 	text: height = np.float64(0.05)
33.2999 	EXP 	text: height = np.float64(0.05)
33.2999 	EXP 	text: text = 'BLUE'
33.2999 	EXP 	fixation: autoDraw = True
33.4835 	EXP 	Device response: <KeyPress from None: t=33.28192310000304, value=r, duration=0.19607470009941608>
33.7832 	INFO 	Keyboard events cleared
33.7830 	EXP 	fixation: autoDraw = False
33.7830 	EXP 	text: autoDraw = True
34.2332 	EXP 	Device response: <KeyPress from None: t=34.22648150008172, value=r, duration=None>
34.2334 	EXP 	New trial (rep=7, index=3): <Trial 31 (3 in rep 7) data={'word': 'RED', 'colour': 'blue', 'stim_condition': 'I', 'correct_res': 'b', 'thisN': 31, 'thisTrialN': 3, 'thisRepN': 7}>
34.2375 	DATA 	Keypress: r
34.2497 	EXP 	fixation: autoDraw = False
34.2497 	EXP 	text: autoDraw = False
34.2497 	EXP 	text: foreColor = <psychopy.colors.Color: blue, alpha=1.0>
34.2497 	EXP 	text: height = np.float64(0.05)
34.2497 	EXP 	text: height = np.float64(0.05)
34.2497 	EXP 	text: height = np.float64(0.05)
34.2497 	EXP 	text: text = 'RED'
34.2497 	EXP 	fixation: autoDraw = True
34.4335 	EXP 	Device response: <KeyPress from None: t=34.22648150008172, value=r, duration=0.19562240003142506>
34.7333 	INFO 	Keyboard events cleared
34.7330 	EXP 	fixation: autoDraw = False
34.7330 	EXP 	text: autoDraw = True
35.2172 	EXP 	Device response: <KeyPress from None: t=35.21639650000725, value=b, duration=None>
35.2176 	EXP 	New trial (rep=8, index=0): <Trial 32 (0 in rep 8) data={'word': 'RED', 'colour': 'blue', 'stim_condition': 'I', 'correct_res': 'b', 'thisN': 32, 'thisTrialN': 0, 'thisRepN': 8}>
35.2202 	DATA 	Keypress: b
35.2331 	EXP 	fixation: autoDraw = False
35.2331 	EXP 	text: autoDraw = False
35.2331 	EXP 	text: foreColor = <psychopy.colors.Color: blue, alpha=1.0>
35.2331 	EXP 	text: text = 'RED'
35.2331 	EXP 	fixation: autoDraw = True
35.3999 	EXP 	Device response: <KeyPress from None: t=35.21639650000725, value=b, duration=0.17382150003686547>
35.7164 	INFO 	Keyboard events cleared
35.7163 	EXP 	fixation: autoDraw = False
35.7163 	EXP 	text: autoDraw = True
36.1002 	EXP 	Device response: <KeyPress from None: t=36.08785400004126, value=b, duration=None>
36.1006 	EXP 	New trial (rep=8, index=1): <Trial 33 (1 in rep 8) data={'word': 'RED', 'colour': 'red', 'stim_condition': 'c', 'correct_res': 'r', 'thisN': 33, 'thisTrialN': 1, 'thisRepN': 8}>
36.1037 	DATA 	Keypress: b
36.1164 	EXP 	fixation: autoDraw = False
36.1164 	EXP 	text: autoDraw = False
36.1164 	EXP 	text: foreColor = <psychopy.colors.Color: red, alpha=1.0>
36.1164 	EXP 	text: text = 'RED'
36.1164 	EXP 	fixation: autoDraw = True
36.2665 	EXP 	Device response: <KeyPress from None: t=36.08785400004126, value=b, duration=0.1747145999688655>
36.6001 	INFO 	Keyboard events cleared
36.5999 	EXP 	fixation: autoDraw = False
36.5999 	EXP 	text: autoDraw = True
37.1331 	EXP 	Device response: <KeyPress from None: t=37.11991360003594, value=r, duration=None>
37.1333 	EXP 	New trial (rep=8, index=2): <Trial 34 (2 in rep 8) data={'word': 'BLUE', 'colour': 'red', 'stim_condition': 'I', 'correct_res': 'r', 'thisN': 34, 'thisTrialN': 2, 'thisRepN': 8}>
37.1369 	DATA 	Keypress: r
37.1496 	EXP 	fixation: autoDraw = False
37.1496 	EXP 	text: autoDraw = False
37.1496 	EXP 	text: foreColor = <psychopy.colors.Color: red, alpha=1.0>
37.1496 	EXP 	text: height = np.float64(0.05)
37.1496 	EXP 	text: height = np.float64(0.05)
37.1496 	EXP 	text: height = np.float64(0.05)
37.1496 	EXP 	text: text = 'BLUE'
37.1496 	EXP 	fixation: autoDraw = True
37.3168 	EXP 	Device response: <KeyPress from None: t=37.11991360003594, value=r, duration=0.18070789997000247>
37.6333 	INFO 	Keyboard events cleared
37.6331 	EXP 	fixation: autoDraw = False
37.6331 	EXP 	text: autoDraw = True
38.2332 	EXP 	Device response: <KeyPress from None: t=38.21997420000844, value=r, duration=None>
38.2335 	EXP 	New trial (rep=8, index=3): <Trial 35 (3 in rep 8) data={'word': 'BLUE', 'colour': 'blue', 'stim_condition': 'c', 'correct_res': 'b', 'thisN': 35, 'thisTrialN': 3, 'thisRepN': 8}>
38.2355 	DATA 	Keypress: r
38.2499 	EXP 	fixation: autoDraw = False
38.2499 	EXP 	text: autoDraw = False
38.2499 	EXP 	text: foreColor = <psychopy.colors.Color: blue, alpha=1.0>
38.2499 	EXP 	text: text = 'BLUE'
38.2499 	EXP 	fixation: autoDraw = True
38.4001 	EXP 	Device response: <KeyPress from None: t=38.21997420000844, value=r, duration=0.16961530002299696>
38.7333 	INFO 	Keyboard events cleared
38.7332 	EXP 	fixation: autoDraw = False
38.7332 	EXP 	text: autoDraw = True
39.2170 	EXP 	Device response: <KeyPress from None: t=39.211554200039245, value=b, duration=None>
39.2174 	EXP 	New trial (rep=9, index=0): <Trial 36 (0 in rep 9) data={'word': 'BLUE', 'colour': 'red', 'stim_condition': 'I', 'correct_res': 'r', 'thisN': 36, 'thisTrialN': 0, 'thisRepN': 9}>
39.2190 	DATA 	Keypress: b
39.2330 	EXP 	fixation: autoDraw = False
39.2330 	EXP 	text: autoDraw = False
39.2330 	EXP 	text: foreColor = <psychopy.colors.Color: red, alpha=1.0>
39.2330 	EXP 	text: text = 'BLUE'
39.2330 	EXP 	fixation: autoDraw = True
39.4004 	EXP 	Device response: <KeyPress from None: t=39.211554200039245, value=b, duration=0.17952969996258616>
39.7165 	INFO 	Keyboard events cleared
39.7164 	EXP 	fixation: autoDraw = False
39.7164 	EXP 	text: autoDraw = True
40.5001 	EXP 	Device response: <KeyPress from None: t=40.48839110007975, value=b, duration=None>
40.5005 	EXP 	New trial (rep=9, index=1): <Trial 37 (1 in rep 9) data={'word': 'RED', 'colour': 'blue', 'stim_condition': 'I', 'correct_res': 'b', 'thisN': 37, 'thisTrialN': 1, 'thisRepN': 9}>
40.5039 	DATA 	Keypress: b
40.5165 	EXP 	fixation: autoDraw = False
40.5165 	EXP 	text: autoDraw = False
40.5165 	EXP 	text: foreColor = <psychopy.colors.Color: blue, alpha=1.0>
40.5165 	EXP 	text: height = np.float64(0.05)
40.5165 	EXP 	text: height = np.float64(0.05)
40.5165 	EXP 	text: height = np.float64(0.05)
40.5165 	EXP 	text: text = 'RED'
40.5165 	EXP 	fixation: autoDraw = True
40.6669 	EXP 	Device response: <KeyPress from None: t=40.48839110007975, value=b, duration=0.16885809996165335>
40.9999 	INFO 	Keyboard events cleared
40.9998 	EXP 	fixation: autoDraw = False
40.9998 	EXP 	text: autoDraw = True
42.1333 	EXP 	Device response: <KeyPress from None: t=42.12456210004166, value=b, duration=None>
42.1336 	EXP 	New trial (rep=9, index=2): <Trial 38 (2 in rep 9) data={'word': 'BLUE', 'colour': 'blue', 'stim_condition': 'c', 'correct_res': 'b', 'thisN': 38, 'thisTrialN': 2, 'thisRepN': 9}>
42.1400 	DATA 	Keypress: b
42.1500 	EXP 	fixation: autoDraw = False
42.1500 	EXP 	text: autoDraw = False
42.1500 	EXP 	text: foreColor = <psychopy.colors.Color: blue, alpha=1.0>
42.1500 	EXP 	text: height = np.float64(0.05)
42.1500 	EXP 	text: height = np.float64(0.05)
42.1500 	EXP 	text: height = np.float64(0.05)
42.1500 	EXP 	text: text = 'BLUE'
42.1500 	EXP 	fixation: autoDraw = True
42.2668 	EXP 	Device response: <KeyPress from None: t=42.12456210004166, value=b, duration=0.13098030001856387>
42.6333 	INFO 	Keyboard events cleared
42.6331 	EXP 	fixation: autoDraw = False
42.6331 	EXP 	text: autoDraw = True
43.1167 	EXP 	Device response: <KeyPress from None: t=43.105992300086655, value=b, duration=None>
43.1170 	EXP 	New trial (rep=9, index=3): <Trial 39 (3 in rep 9) data={'word': 'RED', 'colour': 'red', 'stim_condition': 'c', 'correct_res': 'r', 'thisN': 39, 'thisTrialN': 3, 'thisRepN': 9}>
43.1208 	DATA 	Keypress: b
43.1331 	EXP 	fixation: autoDraw = False
43.1331 	EXP 	text: autoDraw = False
43.1331 	EXP 	text: foreColor = <psychopy.colors.Color: red, alpha=1.0>
43.1331 	EXP 	text: height = np.float64(0.05)
43.1331 	EXP 	text: height = np.float64(0.05)
43.1331 	EXP 	text: height = np.float64(0.05)
43.1331 	EXP 	text: text = 'RED'
43.1331 	EXP 	fixation: autoDraw = True
43.2833 	EXP 	Device response: <KeyPress from None: t=43.105992300086655, value=b, duration=0.1688332000048831>
43.6162 	INFO 	Keyboard events cleared
43.6161 	EXP 	fixation: autoDraw = False
43.6161 	EXP 	text: autoDraw = True
44.1166 	EXP 	Device response: <KeyPress from None: t=44.10744980000891, value=r, duration=None>
44.1195 	DATA 	Keypress: r
44.1329 	EXP 	fixation: autoDraw = False
44.1329 	EXP 	text: autoDraw = False
44.1329 	EXP 	text_3: autoDraw = True
44.3001 	EXP 	Device response: <KeyPress from None: t=44.10744980000891, value=r, duration=0.1848578000208363>
45.1331 	EXP 	text_3: autoDraw = False
45.1331 	EXP 	text_3: autoDraw = False
45.1334 	EXP 	stroop task final: status = STOPPED
45.1496 	INFO 	saved data to 'C:\\Users\\hp\\OneDrive\\Desktop\\AU\\pratical psy\\Stroop Task final\\data\\40_stroop task final_2025-08-26_11h22.55.544.csv'
45.1525 	INFO 	saved data to C:\Users\hp\OneDrive\Desktop\AU\pratical psy\Stroop Task final\data\40_stroop task final_2025-08-26_11h22.55.544.psydat
45.4853 	WARNING 	Stopping key buffers but this could be dangerous ifother keyboards rely on the same.
45.5002 	WARNING 	Stopping key buffers but this could be dangerous ifother keyboards rely on the same.
45.5003 	WARNING 	Stopping key buffers but this could be dangerous ifother keyboards rely on the same.
